分类: 📺央视频道, 名称: CCTV-1, 有效: 5, IPv4: 5, IPv6: 0, 最小延迟: 22 ms, 最高速率: 15.95 M/s, 平均速率: 7.68 M/s, 最高分辨率: 1280x720, 平均帧率: 未知, 视频编解码器: 未知, 音频编解码器: 未知
分类: 📺央视频道, 名称: CCTV-2, 有效: 5, IPv4: 5, IPv6: 0, 最小延迟: 16 ms, 最高速率: 14.88 M/s, 平均速率: 10.58 M/s, 最高分辨率: 1280x720, 平均帧率: 未知, 视频编解码器: 未知, 音频编解码器: 未知
分类: 📺央视频道, 名称: CCTV-2, 有效: 6, IPv4: 6, IPv6: 0, 最小延迟: 16 ms, 最高速率: 19.30 M/s, 平均速率: 12.03 M/s, 最高分辨率: 1280x720, 平均帧率: 未知, 视频编解码器: 未知, 音频编解码器: 未知
分类: 📺央视频道, 名称: CCTV-3, 有效: 4, IPv4: 5, IPv6: 0, 最小延迟: 29 ms, 最高速率: 22.78 M/s, 平均速率: 13.97 M/s, 最高分辨率: 1280x720, 平均帧率: 未知, 视频编解码器: 未知, 音频编解码器: 未知
分类: 📺央视频道, 名称: CCTV-4, 有效: 5, IPv4: 5, IPv6: 0, 最小延迟: 37 ms, 最高速率: 12.18 M/s, 平均速率: 5.48 M/s, 最高分辨率: 1280x720, 平均帧率: 未知, 视频编解码器: 未知, 音频编解码器: 未知
分类: 📺央视频道, 名称: CCTV-4, 有效: 6, IPv4: 6, IPv6: 0, 最小延迟: 37 ms, 最高速率: 12.18 M/s, 平均速率: 4.76 M/s, 最高分辨率: 1280x720, 平均帧率: 未知, 视频编解码器: 未知, 音频编解码器: 未知
分类: 📺央视频道, 名称: CCTV-6, 有效: 5, IPv4: 5, IPv6: 0, 最小延迟: 15 ms, 最高速率: 27.18 M/s, 平均速率: 17.28 M/s, 最高分辨率: 1920x1080, 平均帧率: 未知, 视频编解码器: 未知, 音频编解码器: 未知
分类: 📺央视频道, 名称: CCTV-5, 有效: 4, IPv4: 6, IPv6: 0, 最小延迟: 49 ms, 最高速率: 7.19 M/s, 平均速率: 4.99 M/s, 最高分辨率: 1280x720, 平均帧率: 60.00, 视频编解码器: h264, 音频编解码器: aac
分类: 📺央视频道, 名称: CCTV-8, 有效: 5, IPv4: 5, IPv6: 0, 最小延迟: 27 ms, 最高速率: 18.97 M/s, 平均速率: 12.44 M/s, 最高分辨率: 1920x1080, 平均帧率: 25.00, 视频编解码器: h264, 音频编解码器: aac
分类: 📺央视频道, 名称: CCTV-7, 有效: 4, IPv4: 5, IPv6: 0, 最小延迟: 82 ms, 最高速率: 11.68 M/s, 平均速率: 6.21 M/s, 最高分辨率: 1280x720, 平均帧率: 未知, 视频编解码器: 未知, 音频编解码器: 未知
分类: 📺央视频道, 名称: CCTV-9, 有效: 5, IPv4: 5, IPv6: 0, 最小延迟: 54 ms, 最高速率: 12.61 M/s, 平均速率: 9.86 M/s, 最高分辨率: 1280x720, 平均帧率: 25.00, 视频编解码器: h264, 音频编解码器: aac
分类: 📺央视频道, 名称: CCTV-8, 有效: 5, IPv4: 6, IPv6: 0, 最小延迟: 27 ms, 最高速率: 18.97 M/s, 平均速率: 12.44 M/s, 最高分辨率: 1920x1080, 平均帧率: 25.00, 视频编解码器: h264, 音频编解码器: aac
分类: 📺央视频道, 名称: CCTV-10, 有效: 3, IPv4: 5, IPv6: 0, 最小延迟: 21 ms, 最高速率: 15.92 M/s, 平均速率: 9.33 M/s, 最高分辨率: 1920x1080, 平均帧率: 未知, 视频编解码器: 未知, 音频编解码器: 未知
分类: 📺央视频道, 名称: CCTV-11, 有效: 5, IPv4: 5, IPv6: 0, 最小延迟: 24 ms, 最高速率: 26.89 M/s, 平均速率: 12.92 M/s, 最高分辨率: 1920x1080, 平均帧率: 25.00, 视频编解码器: h264, 音频编解码器: aac
分类: 📺央视频道, 名称: CCTV-11, 有效: 5, IPv4: 6, IPv6: 0, 最小延迟: 24 ms, 最高速率: 26.89 M/s, 平均速率: 12.92 M/s, 最高分辨率: 1920x1080, 平均帧率: 25.00, 视频编解码器: h264, 音频编解码器: aac
分类: 📺央视频道, 名称: CCTV-12, 有效: 5, IPv4: 6, IPv6: 0, 最小延迟: 40 ms, 最高速率: 30.35 M/s, 平均速率: 15.68 M/s, 最高分辨率: 1920x1080, 平均帧率: 未知, 视频编解码器: 未知, 音频编解码器: 未知
分类: 📺央视频道, 名称: CCTV-14, 有效: 5, IPv4: 5, IPv6: 0, 最小延迟: 14 ms, 最高速率: 30.10 M/s, 平均速率: 17.75 M/s, 最高分辨率: 1280x720, 平均帧率: 25.00, 视频编解码器: h264, 音频编解码器: aac
分类: 📺央视频道, 名称: CCTV-15, 有效: 5, IPv4: 5, IPv6: 0, 最小延迟: 15 ms, 最高速率: 22.79 M/s, 平均速率: 12.31 M/s, 最高分辨率: 1280x720, 平均帧率: 25.00, 视频编解码器: h264, 音频编解码器: aac
分类: 📺央视频道, 名称: CCTV-16, 有效: 3, IPv4: 3, IPv6: 0, 最小延迟: 22 ms, 最高速率: 9.16 M/s, 平均速率: 5.37 M/s, 最高分辨率: 1920x1080, 平均帧率: 26.67, 视频编解码器: h264, 音频编解码器: aac
分类: 📺央视频道, 名称: CCTV-17, 有效: 5, IPv4: 5, IPv6: 0, 最小延迟: 14 ms, 最高速率: 38.32 M/s, 平均速率: 25.25 M/s, 最高分辨率: 1920x1080, 平均帧率: 未知, 视频编解码器: 未知, 音频编解码器: 未知
分类: 📺央视频道, 名称: CETV-3, 有效: 2, IPv4: 2, IPv6: 0, 最小延迟: 130 ms, 最高速率: 9.69 M/s, 平均速率: 6.08 M/s, 最高分辨率: 1280x720, 平均帧率: 未知, 视频编解码器: 未知, 音频编解码器: 未知
分类: 📺央视频道, 名称: CCTV-5+, 有效: 1, IPv4: 4, IPv6: 0, 最小延迟: 62 ms, 最高速率: 0.27 M/s, 平均速率: 0.27 M/s, 最高分辨率: 1280x720, 平均帧率: 25.00, 视频编解码器: h264, 音频编解码器: aac
分类: 📺央视频道, 名称: CCTV-13, 有效: 4, IPv4: 5, IPv6: 0, 最小延迟: 16 ms, 最高速率: 18.15 M/s, 平均速率: 9.49 M/s, 最高分辨率: 1280x720, 平均帧率: 60.00, 视频编解码器: h264, 音频编解码器: aac
分类: 📡卫视频道, 名称: 湖南卫视, 有效: 5, IPv4: 5, IPv6: 0, 最小延迟: 30 ms, 最高速率: 18.17 M/s, 平均速率: 5.93 M/s, 最高分辨率: 3840x2160, 平均帧率: 未知, 视频编解码器: 未知, 音频编解码器: 未知
分类: 📺央视频道, 名称: CETV-1, 有效: 3, IPv4: 4, IPv6: 0, 最小延迟: 82 ms, 最高速率: 18.86 M/s, 平均速率: 12.69 M/s, 最高分辨率: 1920x1080, 平均帧率: 未知, 视频编解码器: 未知, 音频编解码器: 未知
分类: 📡卫视频道, 名称: 浙江卫视, 有效: 3, IPv4: 5, IPv6: 0, 最小延迟: 183 ms, 最高速率: 18.00 M/s, 平均速率: 10.82 M/s, 最高分辨率: 1920x1080, 平均帧率: 25.00, 视频编解码器: h264, 音频编解码器: aac
分类: 📡卫视频道, 名称: 广东卫视, 有效: 4, IPv4: 5, IPv6: 0, 最小延迟: 79 ms, 最高速率: 23.59 M/s, 平均速率: 12.32 M/s, 最高分辨率: 1920x1080, 平均帧率: 未知, 视频编解码器: 未知, 音频编解码器: 未知
分类: 📡卫视频道, 名称: 安徽卫视, 有效: 4, IPv4: 5, IPv6: 0, 最小延迟: 73 ms, 最高速率: 5.99 M/s, 平均速率: 3.70 M/s, 最高分辨率: 1920x1080, 平均帧率: 未知, 视频编解码器: 未知, 音频编解码器: 未知
分类: 📡卫视频道, 名称: 重庆卫视, 有效: 2, IPv4: 2, IPv6: 0, 最小延迟: 62 ms, 最高速率: 15.24 M/s, 平均速率: 13.30 M/s, 最高分辨率: 1920x1080, 平均帧率: 未知, 视频编解码器: 未知, 音频编解码器: 未知
分类: 📡卫视频道, 名称: 东方卫视, 有效: 5, IPv4: 5, IPv6: 0, 最小延迟: 178 ms, 最高速率: 16.02 M/s, 平均速率: 7.92 M/s, 最高分辨率: 1920x1080, 平均帧率: 未知, 视频编解码器: 未知, 音频编解码器: 未知
分类: 📡卫视频道, 名称: 北京卫视, 有效: 3, IPv4: 5, IPv6: 0, 最小延迟: 90 ms, 最高速率: 25.78 M/s, 平均速率: 13.68 M/s, 最高分辨率: 1920x1080, 平均帧率: 未知, 视频编解码器: 未知, 音频编解码器: 未知
分类: 📡卫视频道, 名称: 湖北卫视, 有效: 2, IPv4: 3, IPv6: 0, 最小延迟: 67 ms, 最高速率: 20.06 M/s, 平均速率: 18.70 M/s, 最高分辨率: 1920x1080, 平均帧率: 未知, 视频编解码器: 未知, 音频编解码器: 未知
分类: 📡卫视频道, 名称: 黑龙江卫视, 有效: 4, IPv4: 5, IPv6: 0, 最小延迟: 38 ms, 最高速率: 18.29 M/s, 平均速率: 16.93 M/s, 最高分辨率: 1920x1080, 平均帧率: 未知, 视频编解码器: 未知, 音频编解码器: 未知
分类: 📡卫视频道, 名称: 贵州卫视, 有效: 5, IPv4: 5, IPv6: 0, 最小延迟: 69 ms, 最高速率: 45.00 M/s, 平均速率: 19.44 M/s, 最高分辨率: 1920x1080, 平均帧率: 25.00, 视频编解码器: h264, 音频编解码器: aac
分类: 📡卫视频道, 名称: 东南卫视, 有效: 3, IPv4: 4, IPv6: 0, 最小延迟: 145 ms, 最高速率: 14.99 M/s, 平均速率: 8.19 M/s, 最高分辨率: 1920x1080, 平均帧率: 未知, 视频编解码器: 未知, 音频编解码器: 未知
分类: 📡卫视频道, 名称: 甘肃卫视, 有效: 2, IPv4: 3, IPv6: 0, 最小延迟: 67 ms, 最高速率: 7.12 M/s, 平均速率: 6.63 M/s, 最高分辨率: 1280x720, 平均帧率: 未知, 视频编解码器: 未知, 音频编解码器: 未知
分类: 📡卫视频道, 名称: 广西卫视, 有效: 4, IPv4: 5, IPv6: 0, 最小延迟: 118 ms, 最高速率: 22.77 M/s, 平均速率: 8.55 M/s, 最高分辨率: 1920x1080, 平均帧率: 未知, 视频编解码器: 未知, 音频编解码器: 未知
分类: 📡卫视频道, 名称: 海南卫视, 有效: 0, IPv4: 1, IPv6: 0, 最小延迟: -1 ms, 最高速率: 0.00 M/s, 平均速率: 0.00 M/s, 最高分辨率: None, 平均帧率: 未知, 视频编解码器: 未知, 音频编解码器: 未知
分类: 📡卫视频道, 名称: 吉林卫视, 有效: 3, IPv4: 4, IPv6: 0, 最小延迟: 26 ms, 最高速率: 17.86 M/s, 平均速率: 13.77 M/s, 最高分辨率: 1920x1080, 平均帧率: 25.00, 视频编解码器: h264, 音频编解码器: aac
分类: 📡卫视频道, 名称: 河北卫视, 有效: 3, IPv4: 4, IPv6: 0, 最小延迟: 281 ms, 最高速率: 10.07 M/s, 平均速率: 4.29 M/s, 最高分辨率: 1920x1080, 平均帧率: 未知, 视频编解码器: 未知, 音频编解码器: 未知
分类: 📡卫视频道, 名称: 河南卫视, 有效: 4, IPv4: 5, IPv6: 0, 最小延迟: 193 ms, 最高速率: 5.68 M/s, 平均速率: 3.15 M/s, 最高分辨率: 1920x1080, 平均帧率: 37.50, 视频编解码器: h264, 音频编解码器: aac
分类: 📡卫视频道, 名称: 江苏卫视, 有效: 4, IPv4: 5, IPv6: 0, 最小延迟: 30 ms, 最高速率: 18.69 M/s, 平均速率: 9.39 M/s, 最高分辨率: 1920x1080, 平均帧率: 未知, 视频编解码器: 未知, 音频编解码器: 未知
分类: 📡卫视频道, 名称: 宁夏卫视, 有效: 5, IPv4: 5, IPv6: 0, 最小延迟: 37 ms, 最高速率: 55.64 M/s, 平均速率: 34.61 M/s, 最高分辨率: 1920x1080, 平均帧率: 未知, 视频编解码器: 未知, 音频编解码器: 未知
分类: 📡卫视频道, 名称: 辽宁卫视, 有效: 5, IPv4: 5, IPv6: 0, 最小延迟: 41 ms, 最高速率: 32.18 M/s, 平均速率: 16.54 M/s, 最高分辨率: 1920x1080, 平均帧率: 42.50, 视频编解码器: h264, 音频编解码器: aac
分类: 📡卫视频道, 名称: 江西卫视, 有效: 5, IPv4: 5, IPv6: 0, 最小延迟: 50 ms, 最高速率: 53.16 M/s, 平均速率: 17.51 M/s, 最高分辨率: 1920x1080, 平均帧率: 未知, 视频编解码器: 未知, 音频编解码器: 未知
分类: 📡卫视频道, 名称: 山西卫视, 有效: 5, IPv4: 5, IPv6: 0, 最小延迟: 40 ms, 最高速率: 90.55 M/s, 平均速率: 32.28 M/s, 最高分辨率: 1920x1080, 平均帧率: 25.00, 视频编解码器: h264, 音频编解码器: aac
分类: 📡卫视频道, 名称: 陕西卫视, 有效: 4, IPv4: 4, IPv6: 0, 最小延迟: 97 ms, 最高速率: 24.21 M/s, 平均速率: 14.61 M/s, 最高分辨率: 1920x1080, 平均帧率: 未知, 视频编解码器: 未知, 音频编解码器: 未知
分类: 📡卫视频道, 名称: 内蒙古卫视, 有效: 5, IPv4: 5, IPv6: 0, 最小延迟: 29 ms, 最高速率: 54.17 M/s, 平均速率: 24.58 M/s, 最高分辨率: 1920x1080, 平均帧率: 未知, 视频编解码器: 未知, 音频编解码器: 未知
分类: 📡卫视频道, 名称: 四川卫视, 有效: 5, IPv4: 5, IPv6: 0, 最小延迟: 151 ms, 最高速率: 38.89 M/s, 平均速率: 18.69 M/s, 最高分辨率: 1920x1080, 平均帧率: 30.00, 视频编解码器: h264, 音频编解码器: aac
分类: 📡卫视频道, 名称: 三沙卫视, 有效: 3, IPv4: 4, IPv6: 0, 最小延迟: 151 ms, 最高速率: 14.02 M/s, 平均速率: 8.24 M/s, 最高分辨率: 1280x720, 平均帧率: 27.50, 视频编解码器: h264, 音频编解码器: mp2
分类: 📡卫视频道, 名称: 天津卫视, 有效: 3, IPv4: 3, IPv6: 0, 最小延迟: 75 ms, 最高速率: 10.44 M/s, 平均速率: 7.60 M/s, 最高分辨率: 1920x1080, 平均帧率: 42.50, 视频编解码器: h264, 音频编解码器: aac
分类: 📡卫视频道, 名称: 青海卫视, 有效: 2, IPv4: 3, IPv6: 0, 最小延迟: 28 ms, 最高速率: 18.55 M/s, 平均速率: 11.65 M/s, 最高分辨率: 1920x1080, 平均帧率: 未知, 视频编解码器: 未知, 音频编解码器: 未知
分类: 📡卫视频道, 名称: 山东卫视, 有效: 4, IPv4: 5, IPv6: 0, 最小延迟: 26 ms, 最高速率: 39.48 M/s, 平均速率: 20.68 M/s, 最高分辨率: 1920x1080, 平均帧率: 未知, 视频编解码器: 未知, 音频编解码器: 未知
分类: 📡卫视频道, 名称: 新疆卫视, 有效: 5, IPv4: 5, IPv6: 0, 最小延迟: 85 ms, 最高速率: 14.67 M/s, 平均速率: 5.53 M/s, 最高分辨率: 1920x1080, 平均帧率: 25.00, 视频编解码器: h264, 音频编解码器: aac
分类: 📡卫视频道, 名称: 深圳卫视, 有效: 4, IPv4: 5, IPv6: 0, 最小延迟: 80 ms, 最高速率: 25.38 M/s, 平均速率: 9.77 M/s, 最高分辨率: 1920x1080, 平均帧率: 未知, 视频编解码器: 未知, 音频编解码器: 未知
分类: ☘️广东频道, 名称: 广东新闻, 有效: 1, IPv4: 1, IPv6: 0, 最小延迟: 57 ms, 最高速率: 12.59 M/s, 平均速率: 12.59 M/s, 最高分辨率: 1280x720, 平均帧率: 未知, 视频编解码器: 未知, 音频编解码器: 未知
分类: ☘️广东频道, 名称: 广东珠江, 有效: 2, IPv4: 2, IPv6: 0, 最小延迟: 40 ms, 最高速率: 3.31 M/s, 平均速率: 1.78 M/s, 最高分辨率: 1920x1080, 平均帧率: 25.00, 视频编解码器: h264, 音频编解码器: aac
分类: ☘️广东频道, 名称: 广东体育, 有效: 1, IPv4: 1, IPv6: 0, 最小延迟: 436 ms, 最高速率: 0.23 M/s, 平均速率: 0.23 M/s, 最高分辨率: 1280x720, 平均帧率: 未知, 视频编解码器: 未知, 音频编解码器: 未知
分类: ☘️广东频道, 名称: 大湾区卫视, 有效: 4, IPv4: 4, IPv6: 0, 最小延迟: 30 ms, 最高速率: 15.89 M/s, 平均速率: 10.34 M/s, 最高分辨率: 1920x1080, 平均帧率: 未知, 视频编解码器: 未知, 音频编解码器: 未知
分类: 📡卫视频道, 名称: 西藏卫视, 有效: 4, IPv4: 6, IPv6: 0, 最小延迟: 35 ms, 最高速率: 27.17 M/s, 平均速率: 19.50 M/s, 最高分辨率: 1920x1080, 平均帧率: 25.00, 视频编解码器: mpeg2video, 音频编解码器: mp2
分类: ☘️广东频道, 名称: 广东民生, 有效: 1, IPv4: 2, IPv6: 0, 最小延迟: 195 ms, 最高速率: 4.14 M/s, 平均速率: 4.14 M/s, 最高分辨率: 1280x720, 平均帧率: 未知, 视频编解码器: 未知, 音频编解码器: 未知
分类: ☘️广东频道, 名称: 广州综合, 有效: 3, IPv4: 4, IPv6: 0, 最小延迟: 262 ms, 最高速率: 0.49 M/s, 平均速率: 0.38 M/s, 最高分辨率: 1280x720, 平均帧率: 未知, 视频编解码器: 未知, 音频编解码器: 未知
分类: 📡卫视频道, 名称: 云南卫视, 有效: 3, IPv4: 4, IPv6: 0, 最小延迟: 60 ms, 最高速率: 16.95 M/s, 平均速率: 10.44 M/s, 最高分辨率: 1920x1080, 平均帧率: 25.00, 视频编解码器: h264, 音频编解码器: aac
